#
# There is insufficient memory for the Java Runtime Environment to continue.
# Native memory allocation (mmap) failed to map 257949696 bytes. Error detail: G1 virtual space
# Possible reasons:
#   The system is out of physical RAM or swap space
#   This process is running with CompressedOops enabled, and the Java Heap may be blocking the growth of the native heap
# Possible solutions:
#   Reduce memory load on the system
#   Increase physical memory or swap space
#   Check if swap backing store is full
#   Decrease Java heap size (-Xmx/-Xms)
#   Decrease number of Java threads
#   Decrease Java thread stack sizes (-Xss)
#   Set larger code cache with -XX:ReservedCodeCacheSize=
#   JVM is running with Zero Based Compressed Oops mode in which the Java heap is
#     placed in the first 32GB address space. The Java Heap base address is the
#     maximum limit for the native heap growth. Please use -XX:HeapBaseMinAddress
#     to set the Java Heap base and to place the Java Heap above 32GB virtual address.
# This output file may be truncated or incomplete.
#
#  Out of Memory Error (os_windows.cpp:3554), pid=32580, tid=30140
#
# JRE version:  (25.0+36) (build )
# Java VM: OpenJDK 64-Bit Server VM (25+36-3489, mixed mode, sharing, tiered, compressed oops, compressed class ptrs, g1 gc, windows-amd64)
# No core dump will be written. Minidumps are not enabled by default on client versions of Windows
#

---------------  S U M M A R Y ------------

Command Line: out/artifacts/linea/linea.jar

Host: AMD Ryzen 5 4600H with Radeon Graphics         , 12 cores, 15G,  Windows 11 , 64 bit Build 26100 (10.0.26100.9444)
Time: Thu Sep 24 19:02:19 2026 Hora de verano romance elapsed time: 0.011422 seconds (0d 0h 0m 0s)

---------------  T H R E A D  ---------------

Current thread (0x000002c076420320):  JavaThread "Unknown thread" [_thread_in_vm, id=30140, stack(0x000000eba5b00000,0x000000eba5c00000) (1024K)]

Stack: [0x000000eba5b00000,0x000000eba5c00000]
Native frames: (J=compiled Java code, j=interpreted, Vv=VM code, C=native code)
V  [jvm.dll+0x7a6a39]  (no source info available)
V  [jvm.dll+0x7727ed]  (no source info available)
V  [jvm.dll+0x965f33]  (no source info available)
V  [jvm.dll+0x968531]  (no source info available)
V  [jvm.dll+0x968c33]  (no source info available)
V  [jvm.dll+0x2fc756]  (no source info available)
V  [jvm.dll+0x7a2c65]  (no source info available)
V  [jvm.dll+0x796077]  (no source info available)
V  [jvm.dll+0x3f4698]  (no source info available)
V  [jvm.dll+0x3fc5b6]  (no source info available)
V  [jvm.dll+0x3e8c8e]  (no source info available)
V  [jvm.dll+0x3e8f48]  (no source info available)
V  [jvm.dll+0x3c0045]  (no source info available)
V  [jvm.dll+0x3c0cce]  (no source info available)
V  [jvm.dll+0x92c647]  (no source info available)
V  [jvm.dll+0x458b62]  (no source info available)
V  [jvm.dll+0x90fff2]  (no source info available)
V  [jvm.dll+0x4f9001]  (no source info available)
V  [jvm.dll+0x4fa891]  (no source info available)
C  [jli.dll+0x543e]  (no source info available)
C  [ucrtbase.dll+0x2cd30]  (no source info available)
C  [KERNEL32.DLL+0x2cd87]  (no source info available)
C  [ntdll.dll+0xacaec]  (no source info available)

Lock stack of current Java thread (top to bottom):


---------------  P R O C E S S  ---------------

Threads class SMR info:
_java_thread_list=0x00007ffcec905308, length=0, elements={
}

Java Threads: ( => current thread )
Total: 0

Other Threads:
  0x000002c076890cb0 WorkerThread "GC Thread#0"                     [id=32204, stack(0x000000eba5c00000,0x000000eba5d00000) (1024K)]
  0x000002c0768a8e40 ConcurrentGCThread "G1 Main Marker"            [id=31836, stack(0x000000eba5d00000,0x000000eba5e00000) (1024K)]
  0x000002c0768acae0 WorkerThread "G1 Conc#0"                       [id=30172, stack(0x000000eba5e00000,0x000000eba5f00000) (1024K)]

[error occurred during error reporting (printing all threads), id 0xc0000005, EXCEPTION_ACCESS_VIOLATION (0xc0000005) at pc=0x00007ffcebfe4c2a]
VM state: not at safepoint (not fully initialized)

VM Mutex/Monitor currently owned by a thread:  ([mutex/lock_event])
[0x00007ffcec989628] Heap_lock - owner thread: 0x000002c076420320

Heap address: 0x000000070a200000, size: 3934 MB, Compressed Oops mode: Zero based, Oop shift amount: 3

CDS archive(s) mapped at: [0x0000000000000000-0x0000000000000000-0x0000000000000000), size 0, SharedBaseAddress: 0x0000000800000000, ArchiveRelocationMode: 1.
UseCompressedClassPointers 1, UseCompactObjectHeaders 0
Narrow klass pointer bits 32, Max shift 3
Narrow klass base: 0xffffffffffffffff, Narrow klass shift: -1
Encoding Range: [0xffffffffffffffff - 0x000000007fffffff), (2147483648 bytes)
Klass Range:    [0x0000000000000000 - 0x0000000000000000), (0 bytes)
Klass ID Range:  [4294967295 - 0) (1)
No protection zone.

GC Precious Log:
 CardTable entry size: 512
 Card Set container configuration: InlinePtr #cards 4 size 8 Array Of Cards #cards 16 size 48 Howl #buckets 8 coarsen threshold 3686 Howl Bitmap #cards 512 size 80 coarsen threshold 460 Card regions per heap region 1 cards per card region 4096

Heap:
 garbage-first heap   total reserved 4028416K, committed 0K, used 0K [0x000000070a200000, 0x0000000800000000)
  region size 2048K, 0 young (0K), 0 survivors (0K)

Heap Regions: E=young(eden), S=young(survivor), O=old, HS=humongous(starts), HC=humongous(continues), CS=collection set, F=free, TAMS=top-at-mark-start, PB=parsable bottom

Card table byte_map: [0x000002c079460000,0x000002c079c10000] _byte_map_base: 0x000002c075c0f000

Marking Bits: (CMBitMap*) 0x000002c076891440
 Bits: [0x000002c079c10000, 0x000002c07d988000)

GC Heap Usage History (0 events):
No events

Metaspace Usage History (0 events):
No events

Dll operation events (1 events):
Event: 0.008 Loaded shared library C:\Users\RAYGAME\.jdks\openjdk-25\bin\java.dll

Deoptimization events (0 events):
No events

Classes loaded (0 events):
No events

Classes unloaded (0 events):
No events

Classes redefined (0 events):
No events

Internal exceptions (0 events):
No events

VM Operations (0 events):
No events

Memory protections (0 events):
No events

Nmethod flushes (0 events):
No events

Events (0 events):
No events


Dynamic libraries:
0x00007ff660540000 - 0x00007ff66054e000 	C:\Users\RAYGAME\.jdks\openjdk-25\bin\java.exe
0x00007ffd68600000 - 0x00007ffd68867000 	C:\WINDOWS\SYSTEM32\ntdll.dll
0x00007ffd67640000 - 0x00007ffd6770b000 	C:\WINDOWS\System32\KERNEL32.DLL
0x00007ffd658c0000 - 0x00007ffd65cc2000 	C:\WINDOWS\System32\KERNELBASE.dll
0x00007ffd66030000 - 0x00007ffd6617c000 	C:\WINDOWS\System32\ucrtbase.dll
0x00007ffd5d360000 - 0x00007ffd5d377000 	C:\Users\RAYGAME\.jdks\openjdk-25\bin\jli.dll
0x00007ffd5d1b0000 - 0x00007ffd5d1ce000 	C:\Users\RAYGAME\.jdks\openjdk-25\bin\VCRUNTIME140.dll
0x00007ffd683e0000 - 0x00007ffd685af000 	C:\WINDOWS\System32\USER32.dll
0x00007ffd65d90000 - 0x00007ffd65db7000 	C:\WINDOWS\System32\win32u.dll
0x00007ffd4f9a0000 - 0x00007ffd4fc30000 	C:\WINDOWS\WinSxS\amd64_microsoft.windows.common-controls_6595b64144ccf1df_6.0.26100.9278_none_3e0d1ba8e3303201\COMCTL32.dll
0x00007ffd668b0000 - 0x00007ffd668db000 	C:\WINDOWS\System32\GDI32.dll
0x00007ffd67330000 - 0x00007ffd673d9000 	C:\WINDOWS\System32\msvcrt.dll
0x00007ffd65e70000 - 0x00007ffd65f99000 	C:\WINDOWS\System32\gdi32full.dll
0x00007ffd65dc0000 - 0x00007ffd65e63000 	C:\WINDOWS\System32\msvcp_win.dll
0x00007ffd672f0000 - 0x00007ffd67321000 	C:\WINDOWS\System32\IMM32.DLL
0x00007ffd5fae0000 - 0x00007ffd5faec000 	C:\Users\RAYGAME\.jdks\openjdk-25\bin\vcruntime140_1.dll
0x00007ffd49cd0000 - 0x00007ffd49d5d000 	C:\Users\RAYGAME\.jdks\openjdk-25\bin\msvcp140.dll
0x00007ffcebc10000 - 0x00007ffceca6f000 	C:\Users\RAYGAME\.jdks\openjdk-25\bin\server\jvm.dll
0x00007ffd67e00000 - 0x00007ffd67ebc000 	C:\WINDOWS\System32\ADVAPI32.dll
0x00007ffd67710000 - 0x00007ffd677b9000 	C:\WINDOWS\System32\sechost.dll
0x00007ffd67440000 - 0x00007ffd67558000 	C:\WINDOWS\System32\RPCRT4.dll
0x00007ffd678e0000 - 0x00007ffd67960000 	C:\WINDOWS\System32\WS2_32.dll
0x00007ffd65660000 - 0x00007ffd656be000 	C:\WINDOWS\SYSTEM32\POWRPROF.dll
0x00007ffd5af00000 - 0x00007ffd5af36000 	C:\WINDOWS\SYSTEM32\WINMM.dll
0x00007ffd5dd00000 - 0x00007ffd5dd0b000 	C:\WINDOWS\SYSTEM32\VERSION.dll
0x00007ffd65640000 - 0x00007ffd65655000 	C:\WINDOWS\SYSTEM32\UMPDC.dll
0x00007ffd644d0000 - 0x00007ffd644eb000 	C:\WINDOWS\SYSTEM32\kernel.appcore.dll
0x00007ffd5d350000 - 0x00007ffd5d35a000 	C:\Users\RAYGAME\.jdks\openjdk-25\bin\jimage.dll
0x00007ffd5cb10000 - 0x00007ffd5cd5c000 	C:\WINDOWS\SYSTEM32\DBGHELP.DLL
0x00007ffd66520000 - 0x00007ffd668a5000 	C:\WINDOWS\System32\combase.dll
0x00007ffd67560000 - 0x00007ffd67639000 	C:\WINDOWS\System32\OLEAUT32.dll
0x00007ffd43020000 - 0x00007ffd4305b000 	C:\WINDOWS\SYSTEM32\dbgcore.DLL
0x00007ffd65cd0000 - 0x00007ffd65d7c000 	C:\WINDOWS\System32\bcryptPrimitives.dll
0x00007ffd55d00000 - 0x00007ffd55d1f000 	C:\Users\RAYGAME\.jdks\openjdk-25\bin\java.dll
0x00007ffd680f0000 - 0x00007ffd6828a000 	C:\WINDOWS\System32\ole32.dll
0x00007ffd66ac0000 - 0x00007ffd67258000 	C:\WINDOWS\System32\SHELL32.dll

JVMTI agents: none

dbghelp: loaded successfully - version: 4.0.5 - missing functions: none
symbol engine: initialized successfully - sym options: 0x614 - pdb path: .;C:\Users\RAYGAME\.jdks\openjdk-25\bin;C:\WINDOWS\SYSTEM32;C:\WINDOWS\WinSxS\amd64_microsoft.windows.common-controls_6595b64144ccf1df_6.0.26100.9278_none_3e0d1ba8e3303201;C:\Users\RAYGAME\.jdks\openjdk-25\bin\server

VM Arguments:
java_command: out/artifacts/linea/linea.jar
java_class_path (initial): out/artifacts/linea/linea.jar
Launcher Type: SUN_STANDARD

[Global flags]
     intx CICompilerCount                          = 4                                         {product} {ergonomic}
     uint ConcGCThreads                            = 3                                         {product} {ergonomic}
     uint G1ConcRefinementThreads                  = 10                                        {product} {ergonomic}
   size_t G1HeapRegionSize                         = 2097152                                   {product} {ergonomic}
   size_t InitialHeapSize                          = 257949696                                 {product} {ergonomic}
   size_t MarkStackSize                            = 4194304                                   {product} {ergonomic}
   size_t MarkStackSizeMax                         = 536870912                                 {product} {ergonomic}
   size_t MaxHeapSize                              = 4125097984                                {product} {ergonomic}
   size_t MinHeapDeltaBytes                        = 2097152                                   {product} {ergonomic}
   size_t MinHeapSize                              = 8388608                                   {product} {ergonomic}
    uintx NonNMethodCodeHeapSize                   = 5832704                                {pd product} {ergonomic}
    uintx NonProfiledCodeHeapSize                  = 122945536                              {pd product} {ergonomic}
    uintx ProfiledCodeHeapSize                     = 122880000                              {pd product} {ergonomic}
    uintx ReservedCodeCacheSize                    = 251658240                              {pd product} {ergonomic}
     bool SegmentedCodeCache                       = true                                      {product} {ergonomic}
   size_t SoftMaxHeapSize                          = 4125097984                             {manageable} {ergonomic}
     bool UseCompressedOops                        = true                           {product lp64_product} {ergonomic}
     bool UseG1GC                                  = true                                      {product} {ergonomic}
     bool UseLargePagesIndividualAllocation        = false                                  {pd product} {ergonomic}

Logging:
Log output configuration:
 #0: stdout all=warning uptime,level,tags foldmultilines=false
 #1: stderr all=off uptime,level,tags foldmultilines=false

Release file:
<release file has not been read>
Environment Variables:
PATH=C:\WINDOWS\system32;C:\WINDOWS;C:\WINDOWS\System32\Wbem;C:\WINDOWS\System32\WindowsPowerShell\v1.0\;C:\WINDOWS\System32\OpenSSH\;C:\Program Files (x86)\NVIDIA Corporation\PhysX\Common;C:\Program Files\Autofirma\Autofirma;C:\Program Files\NVIDIA Corporation\NVIDIA App\NvDLISR;C:\Program Files\dotnet\;D:\Program Files\Git\cmd;D:\node\;C:\Users\RAYGAME\AppData\Local\Programs\Python\Python313\Scripts\;C:\Users\RAYGAME\AppData\Local\Programs\Python\Python313\;C:\Users\RAYGAME\AppData\Local\Programs\Python\Launcher\;C:\Users\RAYGAME\AppData\Local\Microsoft\WindowsApps;C:\Users\RAYGAME\AppData\Local\Programs\Microsoft VS Code\bin;C:\Users\RAYGAME\.dotnet\tools;C:\Program Files\MySQL\MySQL Server 8.0\bin;C:\Users\RAYGAME\AppData\Roaming\npm
USERNAME=RAYGAME
OS=Windows_NT
PROCESSOR_IDENTIFIER=AMD64 Family 23 Model 96 Stepping 1, AuthenticAMD
TMP=C:\Users\RAYGAME\AppData\Local\Temp
TEMP=C:\Users\RAYGAME\AppData\Local\Temp




Compilation memory statistics disabled.

Periodic native trim disabled

---------------  S Y S T E M  ---------------

OS:
 Windows 11 , 64 bit Build 26100 (10.0.26100.9444)
OS uptime: 4 days 9:50 hours

CPU: total 12 (initial active 12) (12 cores per cpu, 2 threads per core) family 23 model 96 stepping 1 microcode 0x8600106, cx8, cmov, fxsr, ht, mmx, 3dnowpref, sse, sse2, sse3, ssse3, sse4a, sse4.1, sse4.2, popcnt, lzcnt, tsc, tscinvbit, avx, avx2, aes, clmul, bmi1, bmi2, adx, sha, fma, vzeroupper, clflush, clflushopt, clwb, rdtscp, rdpid, f16c
Processor Information for the first 12 processors :
  Max Mhz: 3000, Current Mhz: 3000, Mhz Limit: 3000

Memory: 4k page, system-wide physical 15733M (1664M free)
TotalPageFile size 45999M (AvailPageFile size 114M)
current process WorkingSet (physical memory assigned to process): 14M, peak: 14M
current process commit charge ("private bytes"): 65M, peak: 310M

vm_info: OpenJDK 64-Bit Server VM (25+36-3489) for windows-amd64 JRE (25+36-3489), built on 2025-08-12T17:19:28Z with unknown MS VC++:1943

END.
